     1 00000000                                 [FORMAT "WCOFF"]
     2 00000000                                 [INSTRSET "i486p"]
     3 00000000                                 [OPTIMIZE 1]
     4 00000000                                 [OPTION 1]
     5 00000000                                 [BITS 32]
     6 00000000                                 	EXTERN	_sprintf
     7 00000000                                 	EXTERN	_io_hlt
     8 00000000                                 	EXTERN	_io_load_eflags
     9 00000000                                 	EXTERN	_io_cli
    10 00000000                                 	EXTERN	_io_out8
    11 00000000                                 	EXTERN	_io_store_eflags
    12 00000000                                 	EXTERN	_hankaku
    13 00000000                                 	EXTERN	_load_gdtr
    14 00000000                                 	EXTERN	_load_idtr
    15 00000000                                 [FILE "bootpack.c"]
    16                                          [SECTION .data]
    17 00000000                                 LC0:
    18 00000000 73 63 72 6E 78 20 3D 20 25 64   	DB	"scrnx = %d",0x00
       0000000A 00 
    19                                          [SECTION .text]
    20 00000000                                 	GLOBAL	_HariMain
    21 00000000                                 _HariMain:
    22 00000000 55                              	PUSH	EBP
    23 00000001 89 E5                           	MOV	EBP,ESP
    24 00000003 57                              	PUSH	EDI
    25 00000004 56                              	PUSH	ESI
    26 00000005 53                              	PUSH	EBX
    27 00000006 8D 9D FFFFFEC4                  	LEA	EBX,DWORD [-316+EBP]
    28 0000000C 81 EC 00000130                  	SUB	ESP,304
    29 00000012 E8 000004A7                     	CALL	_init_gdtidt
    30 00000017 E8 000000A3                     	CALL	_init_palette
    31 0000001C 0F BF 05 00000FF6               	MOVSX	EAX,WORD [4086]
    32 00000023 50                              	PUSH	EAX
    33 00000024 0F BF 05 00000FF4               	MOVSX	EAX,WORD [4084]
    34 0000002B 50                              	PUSH	EAX
    35 0000002C FF 35 00000FF8                  	PUSH	DWORD [4088]
    36 00000032 E8 00000174                     	CALL	_init_screen8
    37 00000037 B9 00000002                     	MOV	ECX,2
    38 0000003C 0F BF 05 00000FF4               	MOVSX	EAX,WORD [4084]
    39 00000043 8D 50 F0                        	LEA	EDX,DWORD [-16+EAX]
    40 00000046 89 D0                           	MOV	EAX,EDX
    41 00000048 99                              	CDQ
    42 00000049 F7 F9                           	IDIV	ECX
    43 0000004B 0F BF 15 00000FF6               	MOVSX	EDX,WORD [4086]
    44 00000052 83 EA 2C                        	SUB	EDX,44
    45 00000055 89 C7                           	MOV	EDI,EAX
    46 00000057 89 D0                           	MOV	EAX,EDX
    47 00000059 6A 0E                           	PUSH	14
    48 0000005B 99                              	CDQ
    49 0000005C F7 F9                           	IDIV	ECX
    50 0000005E 53                              	PUSH	EBX
    51 0000005F 89 C6                           	MOV	ESI,EAX
    52 00000061 E8 000003A5                     	CALL	_init_mouse_cursor8
    53 00000066 6A 10                           	PUSH	16
    54 00000068 53                              	PUSH	EBX
    55 00000069 8D 5D C4                        	LEA	EBX,DWORD [-60+EBP]
    56 0000006C 56                              	PUSH	ESI
    57 0000006D 57                              	PUSH	EDI
    58 0000006E 6A 10                           	PUSH	16
    59 00000070 6A 10                           	PUSH	16
    60 00000072 0F BF 05 00000FF4               	MOVSX	EAX,WORD [4084]
    61 00000079 50                              	PUSH	EAX
    62 0000007A FF 35 00000FF8                  	PUSH	DWORD [4088]
    63 00000080 E8 000003E3                     	CALL	_putblock8_8
    64 00000085 83 C4 34                        	ADD	ESP,52
    65 00000088 0F BF 05 00000FF4               	MOVSX	EAX,WORD [4084]
    66 0000008F 50                              	PUSH	EAX
    67 00000090 68 [00000000]                   	PUSH	LC0
    68 00000095 53                              	PUSH	EBX
    69 00000096 E8 [00000000]                   	CALL	_sprintf
    70 0000009B 53                              	PUSH	EBX
    71 0000009C 6A 07                           	PUSH	7
    72 0000009E 6A 00                           	PUSH	0
    73 000000A0 6A 00                           	PUSH	0
    74 000000A2 0F BF 05 00000FF4               	MOVSX	EAX,WORD [4084]
    75 000000A9 50                              	PUSH	EAX
    76 000000AA FF 35 00000FF8                  	PUSH	DWORD [4088]
    77 000000B0 E8 00000307                     	CALL	_putfont8_asc
    78 000000B5 83 C4 24                        	ADD	ESP,36
    79 000000B8                                 L2:
    80 000000B8 E8 [00000000]                   	CALL	_io_hlt
    81 000000BD EB F9                           	JMP	L2
    82                                          [SECTION .data]
    83 0000000B                                 _table_rgb.0:
    84 0000000B 00                              	DB	0
    85 0000000C 00                              	DB	0
    86 0000000D 00                              	DB	0
    87 0000000E FF                              	DB	-1
    88 0000000F 00                              	DB	0
    89 00000010 00                              	DB	0
    90 00000011 00                              	DB	0
    91 00000012 FF                              	DB	-1
    92 00000013 00                              	DB	0
    93 00000014 FF                              	DB	-1
    94 00000015 FF                              	DB	-1
    95 00000016 00                              	DB	0
    96 00000017 00                              	DB	0
    97 00000018 00                              	DB	0
    98 00000019 FF                              	DB	-1
    99 0000001A FF                              	DB	-1
   100 0000001B 00                              	DB	0
   101 0000001C FF                              	DB	-1
   102 0000001D 00                              	DB	0
   103 0000001E FF                              	DB	-1
   104 0000001F FF                              	DB	-1
   105 00000020 FF                              	DB	-1
   106 00000021 FF                              	DB	-1
   107 00000022 FF                              	DB	-1
   108 00000023 C6                              	DB	-58
   109 00000024 C6                              	DB	-58
   110 00000025 C6                              	DB	-58
   111 00000026 84                              	DB	-124
   112 00000027 00                              	DB	0
   113 00000028 00                              	DB	0
   114 00000029 00                              	DB	0
   115 0000002A 84                              	DB	-124
   116 0000002B 00                              	DB	0
   117 0000002C 84                              	DB	-124
   118 0000002D 84                              	DB	-124
   119 0000002E 00                              	DB	0
   120 0000002F 00                              	DB	0
   121 00000030 00                              	DB	0
   122 00000031 84                              	DB	-124
   123 00000032 84                              	DB	-124
   124 00000033 00                              	DB	0
   125 00000034 84                              	DB	-124
   126 00000035 00                              	DB	0
   127 00000036 84                              	DB	-124
   128 00000037 84                              	DB	-124
   129 00000038 84                              	DB	-124
   130 00000039 84                              	DB	-124
   131 0000003A 84                              	DB	-124
   132                                          [SECTION .text]
   133 000000BF                                 	GLOBAL	_init_palette
   134 000000BF                                 _init_palette:
   135 000000BF 55                              	PUSH	EBP
   136 000000C0 89 E5                           	MOV	EBP,ESP
   137 000000C2 68 [0000000B]                   	PUSH	_table_rgb.0
   138 000000C7 6A 0F                           	PUSH	15
   139 000000C9 6A 00                           	PUSH	0
   140 000000CB E8 00000002                     	CALL	_set_palette
   141 000000D0 C9                              	LEAVE
   142 000000D1 C3                              	RET
   143 000000D2                                 	GLOBAL	_set_palette
   144 000000D2                                 _set_palette:
   145 000000D2 55                              	PUSH	EBP
   146 000000D3 89 E5                           	MOV	EBP,ESP
   147 000000D5 57                              	PUSH	EDI
   148 000000D6 56                              	PUSH	ESI
   149 000000D7 53                              	PUSH	EBX
   150 000000D8 51                              	PUSH	ECX
   151 000000D9 8B 5D 08                        	MOV	EBX,DWORD [8+EBP]
   152 000000DC 8B 7D 0C                        	MOV	EDI,DWORD [12+EBP]
   153 000000DF 8B 75 10                        	MOV	ESI,DWORD [16+EBP]
   154 000000E2 E8 [00000000]                   	CALL	_io_load_eflags
   155 000000E7 89 45 F0                        	MOV	DWORD [-16+EBP],EAX
   156 000000EA E8 [00000000]                   	CALL	_io_cli
   157 000000EF 53                              	PUSH	EBX
   158 000000F0 68 000003C8                     	PUSH	968
   159 000000F5 E8 [00000000]                   	CALL	_io_out8
   160 000000FA 39 FB                           	CMP	EBX,EDI
   161 000000FC 58                              	POP	EAX
   162 000000FD 5A                              	POP	EDX
   163 000000FE 7E 12                           	JLE	L11
   164 00000100                                 L13:
   165 00000100 8B 45 F0                        	MOV	EAX,DWORD [-16+EBP]
   166 00000103 89 45 08                        	MOV	DWORD [8+EBP],EAX
   167 00000106 8D 65 F4                        	LEA	ESP,DWORD [-12+EBP]
   168 00000109 5B                              	POP	EBX
   169 0000010A 5E                              	POP	ESI
   170 0000010B 5F                              	POP	EDI
   171 0000010C 5D                              	POP	EBP
   172 0000010D E9 [00000000]                   	JMP	_io_store_eflags
   173 00000112                                 L11:
   174 00000112 8A 06                           	MOV	AL,BYTE [ESI]
   175 00000114 43                              	INC	EBX
   176 00000115 C0 E8 02                        	SHR	AL,2
   177 00000118 0F B6 C0                        	MOVZX	EAX,AL
   178 0000011B 50                              	PUSH	EAX
   179 0000011C 68 000003C9                     	PUSH	969
   180 00000121 E8 [00000000]                   	CALL	_io_out8
   181 00000126 8A 46 01                        	MOV	AL,BYTE [1+ESI]
   182 00000129 C0 E8 02                        	SHR	AL,2
   183 0000012C 0F B6 C0                        	MOVZX	EAX,AL
   184 0000012F 50                              	PUSH	EAX
   185 00000130 68 000003C9                     	PUSH	969
   186 00000135 E8 [00000000]                   	CALL	_io_out8
   187 0000013A 8A 46 02                        	MOV	AL,BYTE [2+ESI]
   188 0000013D C0 E8 02                        	SHR	AL,2
   189 00000140 83 C6 03                        	ADD	ESI,3
   190 00000143 0F B6 C0                        	MOVZX	EAX,AL
   191 00000146 50                              	PUSH	EAX
   192 00000147 68 000003C9                     	PUSH	969
   193 0000014C E8 [00000000]                   	CALL	_io_out8
   194 00000151 83 C4 18                        	ADD	ESP,24
   195 00000154 39 FB                           	CMP	EBX,EDI
   196 00000156 7E BA                           	JLE	L11
   197 00000158 EB A6                           	JMP	L13
   198 0000015A                                 	GLOBAL	_boxfill8
   199 0000015A                                 _boxfill8:
   200 0000015A 55                              	PUSH	EBP
   201 0000015B 89 E5                           	MOV	EBP,ESP
   202 0000015D 57                              	PUSH	EDI
   203 0000015E 56                              	PUSH	ESI
   204 0000015F 53                              	PUSH	EBX
   205 00000160 57                              	PUSH	EDI
   206 00000161 57                              	PUSH	EDI
   207 00000162 8A 45 10                        	MOV	AL,BYTE [16+EBP]
   208 00000165 8B 4D 18                        	MOV	ECX,DWORD [24+EBP]
   209 00000168 8B 7D 1C                        	MOV	EDI,DWORD [28+EBP]
   210 0000016B 88 45 F3                        	MOV	BYTE [-13+EBP],AL
   211 0000016E 3B 4D 20                        	CMP	ECX,DWORD [32+EBP]
   212 00000171 7F 31                           	JG	L26
   213 00000173 8B 5D 0C                        	MOV	EBX,DWORD [12+EBP]
   214 00000176 0F AF D9                        	IMUL	EBX,ECX
   215 00000179                                 L24:
   216 00000179 8B 55 14                        	MOV	EDX,DWORD [20+EBP]
   217 0000017C 39 FA                           	CMP	EDX,EDI
   218 0000017E 7F 1B                           	JG	L28
   219 00000180 8B 75 08                        	MOV	ESI,DWORD [8+EBP]
   220 00000183 01 DE                           	ADD	ESI,EBX
   221 00000185 01 D6                           	ADD	ESI,EDX
   222 00000187 89 75 EC                        	MOV	DWORD [-20+EBP],ESI
   223 0000018A                                 L23:
   224 0000018A 8B 75 EC                        	MOV	ESI,DWORD [-20+EBP]
   225 0000018D 8A 45 F3                        	MOV	AL,BYTE [-13+EBP]
   226 00000190 42                              	INC	EDX
   227 00000191 88 06                           	MOV	BYTE [ESI],AL
   228 00000193 46                              	INC	ESI
   229 00000194 89 75 EC                        	MOV	DWORD [-20+EBP],ESI
   230 00000197 39 FA                           	CMP	EDX,EDI
   231 00000199 7E EF                           	JLE	L23
   232 0000019B                                 L28:
   233 0000019B 41                              	INC	ECX
   234 0000019C 03 5D 0C                        	ADD	EBX,DWORD [12+EBP]
   235 0000019F 3B 4D 20                        	CMP	ECX,DWORD [32+EBP]
   236 000001A2 7E D5                           	JLE	L24
   237 000001A4                                 L26:
   238 000001A4 5B                              	POP	EBX
   239 000001A5 5E                              	POP	ESI
   240 000001A6 5B                              	POP	EBX
   241 000001A7 5E                              	POP	ESI
   242 000001A8 5F                              	POP	EDI
   243 000001A9 5D                              	POP	EBP
   244 000001AA C3                              	RET
   245 000001AB                                 	GLOBAL	_init_screen8
   246 000001AB                                 _init_screen8:
   247 000001AB 55                              	PUSH	EBP
   248 000001AC 89 E5                           	MOV	EBP,ESP
   249 000001AE 57                              	PUSH	EDI
   250 000001AF 56                              	PUSH	ESI
   251 000001B0 53                              	PUSH	EBX
   252 000001B1 83 EC 0C                        	SUB	ESP,12
   253 000001B4 8B 45 10                        	MOV	EAX,DWORD [16+EBP]
   254 000001B7 8B 7D 0C                        	MOV	EDI,DWORD [12+EBP]
   255 000001BA 83 E8 1D                        	SUB	EAX,29
   256 000001BD 4F                              	DEC	EDI
   257 000001BE 50                              	PUSH	EAX
   258 000001BF 57                              	PUSH	EDI
   259 000001C0 6A 00                           	PUSH	0
   260 000001C2 6A 00                           	PUSH	0
   261 000001C4 6A 0E                           	PUSH	14
   262 000001C6 FF 75 0C                        	PUSH	DWORD [12+EBP]
   263 000001C9 FF 75 08                        	PUSH	DWORD [8+EBP]
   264 000001CC E8 FFFFFF89                     	CALL	_boxfill8
   265 000001D1 8B 45 10                        	MOV	EAX,DWORD [16+EBP]
   266 000001D4 83 E8 1C                        	SUB	EAX,28
   267 000001D7 50                              	PUSH	EAX
   268 000001D8 57                              	PUSH	EDI
   269 000001D9 50                              	PUSH	EAX
   270 000001DA 6A 00                           	PUSH	0
   271 000001DC 6A 08                           	PUSH	8
   272 000001DE FF 75 0C                        	PUSH	DWORD [12+EBP]
   273 000001E1 FF 75 08                        	PUSH	DWORD [8+EBP]
   274 000001E4 E8 FFFFFF71                     	CALL	_boxfill8
   275 000001E9 8B 45 10                        	MOV	EAX,DWORD [16+EBP]
   276 000001EC 83 C4 38                        	ADD	ESP,56
   277 000001EF 83 E8 1B                        	SUB	EAX,27
   278 000001F2 50                              	PUSH	EAX
   279 000001F3 57                              	PUSH	EDI
   280 000001F4 50                              	PUSH	EAX
   281 000001F5 6A 00                           	PUSH	0
   282 000001F7 6A 07                           	PUSH	7
   283 000001F9 FF 75 0C                        	PUSH	DWORD [12+EBP]
   284 000001FC FF 75 08                        	PUSH	DWORD [8+EBP]
   285 000001FF E8 FFFFFF56                     	CALL	_boxfill8
   286 00000204 8B 45 10                        	MOV	EAX,DWORD [16+EBP]
   287 00000207 48                              	DEC	EAX
   288 00000208 50                              	PUSH	EAX
   289 00000209 8B 45 10                        	MOV	EAX,DWORD [16+EBP]
   290 0000020C 57                              	PUSH	EDI
   291 0000020D 83 E8 1A                        	SUB	EAX,26
   292 00000210 50                              	PUSH	EAX
   293 00000211 6A 00                           	PUSH	0
   294 00000213 6A 08                           	PUSH	8
   295 00000215 FF 75 0C                        	PUSH	DWORD [12+EBP]
   296 00000218 FF 75 08                        	PUSH	DWORD [8+EBP]
   297 0000021B E8 FFFFFF3A                     	CALL	_boxfill8
   298 00000220 8B 75 10                        	MOV	ESI,DWORD [16+EBP]
   299 00000223 83 C4 38                        	ADD	ESP,56
   300 00000226 83 EE 18                        	SUB	ESI,24
   301 00000229 56                              	PUSH	ESI
   302 0000022A 6A 3B                           	PUSH	59
   303 0000022C 56                              	PUSH	ESI
   304 0000022D 6A 03                           	PUSH	3
   305 0000022F 6A 07                           	PUSH	7
   306 00000231 FF 75 0C                        	PUSH	DWORD [12+EBP]
   307 00000234 FF 75 08                        	PUSH	DWORD [8+EBP]
   308 00000237 E8 FFFFFF1E                     	CALL	_boxfill8
   309 0000023C 8B 45 10                        	MOV	EAX,DWORD [16+EBP]
   310 0000023F 83 E8 04                        	SUB	EAX,4
   311 00000242 50                              	PUSH	EAX
   312 00000243 89 45 F0                        	MOV	DWORD [-16+EBP],EAX
   313 00000246 6A 02                           	PUSH	2
   314 00000248 56                              	PUSH	ESI
   315 00000249 6A 02                           	PUSH	2
   316 0000024B 6A 07                           	PUSH	7
   317 0000024D FF 75 0C                        	PUSH	DWORD [12+EBP]
   318 00000250 FF 75 08                        	PUSH	DWORD [8+EBP]
   319 00000253 E8 FFFFFF02                     	CALL	_boxfill8
   320 00000258 83 C4 38                        	ADD	ESP,56
   321 0000025B FF 75 F0                        	PUSH	DWORD [-16+EBP]
   322 0000025E 6A 3B                           	PUSH	59
   323 00000260 FF 75 F0                        	PUSH	DWORD [-16+EBP]
   324 00000263 6A 03                           	PUSH	3
   325 00000265 6A 0F                           	PUSH	15
   326 00000267 FF 75 0C                        	PUSH	DWORD [12+EBP]
   327 0000026A FF 75 08                        	PUSH	DWORD [8+EBP]
   328 0000026D E8 FFFFFEE8                     	CALL	_boxfill8
   329 00000272 8B 45 10                        	MOV	EAX,DWORD [16+EBP]
   330 00000275 83 E8 05                        	SUB	EAX,5
   331 00000278 50                              	PUSH	EAX
   332 00000279 8B 45 10                        	MOV	EAX,DWORD [16+EBP]
   333 0000027C 6A 3B                           	PUSH	59
   334 0000027E 83 E8 17                        	SUB	EAX,23
   335 00000281 50                              	PUSH	EAX
   336 00000282 89 45 EC                        	MOV	DWORD [-20+EBP],EAX
   337 00000285 6A 3B                           	PUSH	59
   338 00000287 6A 0F                           	PUSH	15
   339 00000289 FF 75 0C                        	PUSH	DWORD [12+EBP]
   340 0000028C FF 75 08                        	PUSH	DWORD [8+EBP]
   341 0000028F E8 FFFFFEC6                     	CALL	_boxfill8
   342 00000294 8B 45 10                        	MOV	EAX,DWORD [16+EBP]
   343 00000297 83 C4 38                        	ADD	ESP,56
   344 0000029A 83 E8 03                        	SUB	EAX,3
   345 0000029D 89 45 E8                        	MOV	DWORD [-24+EBP],EAX
   346 000002A0 50                              	PUSH	EAX
   347 000002A1 6A 3B                           	PUSH	59
   348 000002A3 50                              	PUSH	EAX
   349 000002A4 6A 02                           	PUSH	2
   350 000002A6 6A 00                           	PUSH	0
   351 000002A8 FF 75 0C                        	PUSH	DWORD [12+EBP]
   352 000002AB FF 75 08                        	PUSH	DWORD [8+EBP]
   353 000002AE E8 FFFFFEA7                     	CALL	_boxfill8
   354 000002B3 FF 75 E8                        	PUSH	DWORD [-24+EBP]
   355 000002B6 6A 3C                           	PUSH	60
   356 000002B8 56                              	PUSH	ESI
   357 000002B9 6A 3C                           	PUSH	60
   358 000002BB 6A 00                           	PUSH	0
   359 000002BD FF 75 0C                        	PUSH	DWORD [12+EBP]
   360 000002C0 FF 75 08                        	PUSH	DWORD [8+EBP]
   361 000002C3 E8 FFFFFE92                     	CALL	_boxfill8
   362 000002C8 8B 7D 0C                        	MOV	EDI,DWORD [12+EBP]
   363 000002CB 83 C4 38                        	ADD	ESP,56
   364 000002CE 8B 5D 0C                        	MOV	EBX,DWORD [12+EBP]
   365 000002D1 83 EB 04                        	SUB	EBX,4
   366 000002D4 83 EF 2F                        	SUB	EDI,47
   367 000002D7 56                              	PUSH	ESI
   368 000002D8 53                              	PUSH	EBX
   369 000002D9 56                              	PUSH	ESI
   370 000002DA 57                              	PUSH	EDI
   371 000002DB 6A 0F                           	PUSH	15
   372 000002DD FF 75 0C                        	PUSH	DWORD [12+EBP]
   373 000002E0 FF 75 08                        	PUSH	DWORD [8+EBP]
   374 000002E3 E8 FFFFFE72                     	CALL	_boxfill8
   375 000002E8 FF 75 F0                        	PUSH	DWORD [-16+EBP]
   376 000002EB 57                              	PUSH	EDI
   377 000002EC FF 75 EC                        	PUSH	DWORD [-20+EBP]
   378 000002EF 57                              	PUSH	EDI
   379 000002F0 6A 0F                           	PUSH	15
   380 000002F2 FF 75 0C                        	PUSH	DWORD [12+EBP]
   381 000002F5 FF 75 08                        	PUSH	DWORD [8+EBP]
   382 000002F8 E8 FFFFFE5D                     	CALL	_boxfill8
   383 000002FD 83 C4 38                        	ADD	ESP,56
   384 00000300 FF 75 E8                        	PUSH	DWORD [-24+EBP]
   385 00000303 53                              	PUSH	EBX
   386 00000304 FF 75 E8                        	PUSH	DWORD [-24+EBP]
   387 00000307 57                              	PUSH	EDI
   388 00000308 6A 07                           	PUSH	7
   389 0000030A FF 75 0C                        	PUSH	DWORD [12+EBP]
   390 0000030D FF 75 08                        	PUSH	DWORD [8+EBP]
   391 00000310 E8 FFFFFE45                     	CALL	_boxfill8
   392 00000315 8B 45 0C                        	MOV	EAX,DWORD [12+EBP]
   393 00000318 FF 75 E8                        	PUSH	DWORD [-24+EBP]
   394 0000031B 83 E8 03                        	SUB	EAX,3
   395 0000031E 50                              	PUSH	EAX
   396 0000031F 56                              	PUSH	ESI
   397 00000320 50                              	PUSH	EAX
   398 00000321 6A 07                           	PUSH	7
   399 00000323 FF 75 0C                        	PUSH	DWORD [12+EBP]
   400 00000326 FF 75 08                        	PUSH	DWORD [8+EBP]
   401 00000329 E8 FFFFFE2C                     	CALL	_boxfill8
   402 0000032E 8D 65 F4                        	LEA	ESP,DWORD [-12+EBP]
   403 00000331 5B                              	POP	EBX
   404 00000332 5E                              	POP	ESI
   405 00000333 5F                              	POP	EDI
   406 00000334 5D                              	POP	EBP
   407 00000335 C3                              	RET
   408 00000336                                 	GLOBAL	_putfont8
   409 00000336                                 _putfont8:
   410 00000336 55                              	PUSH	EBP
   411 00000337 89 E5                           	MOV	EBP,ESP
   412 00000339 57                              	PUSH	EDI
   413 0000033A 56                              	PUSH	ESI
   414 0000033B 31 F6                           	XOR	ESI,ESI
   415 0000033D 53                              	PUSH	EBX
   416 0000033E 8B 7D 1C                        	MOV	EDI,DWORD [28+EBP]
   417 00000341 8A 5D 18                        	MOV	BL,BYTE [24+EBP]
   418 00000344                                 L43:
   419 00000344 8B 45 14                        	MOV	EAX,DWORD [20+EBP]
   420 00000347 8B 55 10                        	MOV	EDX,DWORD [16+EBP]
   421 0000034A 01 F0                           	ADD	EAX,ESI
   422 0000034C 0F AF 45 0C                     	IMUL	EAX,DWORD [12+EBP]
   423 00000350 03 45 08                        	ADD	EAX,DWORD [8+EBP]
   424 00000353 8D 0C 02                        	LEA	ECX,DWORD [EDX+EAX*1]
   425 00000356 8A 14 3E                        	MOV	DL,BYTE [ESI+EDI*1]
   426 00000359 84 D2                           	TEST	DL,DL
   427 0000035B 79 02                           	JNS	L35
   428 0000035D 88 19                           	MOV	BYTE [ECX],BL
   429 0000035F                                 L35:
   430 0000035F 88 D0                           	MOV	AL,DL
   431 00000361 83 E0 40                        	AND	EAX,64
   432 00000364 84 C0                           	TEST	AL,AL
   433 00000366 74 03                           	JE	L36
   434 00000368 88 59 01                        	MOV	BYTE [1+ECX],BL
   435 0000036B                                 L36:
   436 0000036B 88 D0                           	MOV	AL,DL
   437 0000036D 83 E0 20                        	AND	EAX,32
   438 00000370 84 C0                           	TEST	AL,AL
   439 00000372 74 03                           	JE	L37
   440 00000374 88 59 02                        	MOV	BYTE [2+ECX],BL
   441 00000377                                 L37:
   442 00000377 88 D0                           	MOV	AL,DL
   443 00000379 83 E0 10                        	AND	EAX,16
   444 0000037C 84 C0                           	TEST	AL,AL
   445 0000037E 74 03                           	JE	L38
   446 00000380 88 59 03                        	MOV	BYTE [3+ECX],BL
   447 00000383                                 L38:
   448 00000383 88 D0                           	MOV	AL,DL
   449 00000385 83 E0 08                        	AND	EAX,8
   450 00000388 84 C0                           	TEST	AL,AL
   451 0000038A 74 03                           	JE	L39
   452 0000038C 88 59 04                        	MOV	BYTE [4+ECX],BL
   453 0000038F                                 L39:
   454 0000038F 88 D0                           	MOV	AL,DL
   455 00000391 83 E0 04                        	AND	EAX,4
   456 00000394 84 C0                           	TEST	AL,AL
   457 00000396 74 03                           	JE	L40
   458 00000398 88 59 05                        	MOV	BYTE [5+ECX],BL
   459 0000039B                                 L40:
   460 0000039B 88 D0                           	MOV	AL,DL
   461 0000039D 83 E0 02                        	AND	EAX,2
   462 000003A0 84 C0                           	TEST	AL,AL
   463 000003A2 74 03                           	JE	L41
   464 000003A4 88 59 06                        	MOV	BYTE [6+ECX],BL
   465 000003A7                                 L41:
   466 000003A7 83 E2 01                        	AND	EDX,1
   467 000003AA 84 D2                           	TEST	DL,DL
   468 000003AC 74 03                           	JE	L33
   469 000003AE 88 59 07                        	MOV	BYTE [7+ECX],BL
   470 000003B1                                 L33:
   471 000003B1 46                              	INC	ESI
   472 000003B2 83 FE 0F                        	CMP	ESI,15
   473 000003B5 7E 8D                           	JLE	L43
   474 000003B7 5B                              	POP	EBX
   475 000003B8 5E                              	POP	ESI
   476 000003B9 5F                              	POP	EDI
   477 000003BA 5D                              	POP	EBP
   478 000003BB C3                              	RET
   479 000003BC                                 	GLOBAL	_putfont8_asc
   480 000003BC                                 _putfont8_asc:
   481 000003BC 55                              	PUSH	EBP
   482 000003BD 89 E5                           	MOV	EBP,ESP
   483 000003BF 57                              	PUSH	EDI
   484 000003C0 56                              	PUSH	ESI
   485 000003C1 53                              	PUSH	EBX
   486 000003C2 50                              	PUSH	EAX
   487 000003C3 8B 5D 1C                        	MOV	EBX,DWORD [28+EBP]
   488 000003C6 8A 45 18                        	MOV	AL,BYTE [24+EBP]
   489 000003C9 88 45 F3                        	MOV	BYTE [-13+EBP],AL
   490 000003CC 8B 75 10                        	MOV	ESI,DWORD [16+EBP]
   491 000003CF 8B 7D 14                        	MOV	EDI,DWORD [20+EBP]
   492 000003D2 80 3B 00                        	CMP	BYTE [EBX],0
   493 000003D5 75 08                           	JNE	L51
   494 000003D7                                 L53:
   495 000003D7 8D 65 F4                        	LEA	ESP,DWORD [-12+EBP]
   496 000003DA 5B                              	POP	EBX
   497 000003DB 5E                              	POP	ESI
   498 000003DC 5F                              	POP	EDI
   499 000003DD 5D                              	POP	EBP
   500 000003DE C3                              	RET
   501 000003DF                                 L51:
   502 000003DF 0F B6 03                        	MOVZX	EAX,BYTE [EBX]
   503 000003E2 C1 E0 04                        	SAL	EAX,4
   504 000003E5 43                              	INC	EBX
   505 000003E6 05 [00000000]                   	ADD	EAX,_hankaku
   506 000003EB 50                              	PUSH	EAX
   507 000003EC 0F BE 45 F3                     	MOVSX	EAX,BYTE [-13+EBP]
   508 000003F0 50                              	PUSH	EAX
   509 000003F1 57                              	PUSH	EDI
   510 000003F2 56                              	PUSH	ESI
   511 000003F3 83 C6 08                        	ADD	ESI,8
   512 000003F6 FF 75 0C                        	PUSH	DWORD [12+EBP]
   513 000003F9 FF 75 08                        	PUSH	DWORD [8+EBP]
   514 000003FC E8 FFFFFF35                     	CALL	_putfont8
   515 00000401 83 C4 18                        	ADD	ESP,24
   516 00000404 80 3B 00                        	CMP	BYTE [EBX],0
   517 00000407 75 D6                           	JNE	L51
   518 00000409 EB CC                           	JMP	L53
   519                                          [SECTION .data]
   520 0000003B                                 _cursor.1:
   521 0000003B 2A 2A 2A 2A 2A 2A 2A 2A 2A 2A   	DB	"**************.."
       00000045 2A 2A 2A 2A 2E 2E 
   522 0000004B 2A 4F 4F 4F 4F 4F 4F 4F 4F 4F   	DB	"*OOOOOOOOOOO*..."
       00000055 4F 4F 2A 2E 2E 2E 
   523 0000005B 2A 4F 4F 4F 4F 4F 4F 4F 4F 4F   	DB	"*OOOOOOOOOO*...."
       00000065 4F 2A 2E 2E 2E 2E 
   524 0000006B 2A 4F 4F 4F 4F 4F 4F 4F 4F 4F   	DB	"*OOOOOOOOO*....."
       00000075 2A 2E 2E 2E 2E 2E 
   525 0000007B 2A 4F 4F 4F 4F 4F 4F 4F 4F 2A   	DB	"*OOOOOOOO*......"
       00000085 2E 2E 2E 2E 2E 2E 
   526 0000008B 2A 4F 4F 4F 4F 4F 4F 4F 2A 2E   	DB	"*OOOOOOO*......."
       00000095 2E 2E 2E 2E 2E 2E 
   527 0000009B 2A 4F 4F 4F 4F 4F 4F 4F 2A 2E   	DB	"*OOOOOOO*......."
       000000A5 2E 2E 2E 2E 2E 2E 
   528 000000AB 2A 4F 4F 4F 4F 4F 4F 4F 4F 2A   	DB	"*OOOOOOOO*......"
       000000B5 2E 2E 2E 2E 2E 2E 
   529 000000BB 2A 4F 4F 4F 4F 2A 2A 4F 4F 4F   	DB	"*OOOO**OOO*....."
       000000C5 2A 2E 2E 2E 2E 2E 
   530 000000CB 2A 4F 4F 4F 2A 2E 2E 2A 4F 4F   	DB	"*OOO*..*OOO*...."
       000000D5 4F 2A 2E 2E 2E 2E 
   531 000000DB 2A 4F 4F 2A 2E 2E 2E 2E 2A 4F   	DB	"*OO*....*OOO*..."
       000000E5 4F 4F 2A 2E 2E 2E 
   532 000000EB 2A 4F 2A 2E 2E 2E 2E 2E 2E 2A   	DB	"*O*......*OOO*.."
       000000F5 4F 4F 4F 2A 2E 2E 
   533 000000FB 2A 2A 2E 2E 2E 2E 2E 2E 2E 2E   	DB	"**........*OOO*."
       00000105 2A 4F 4F 4F 2A 2E 
   534 0000010B 2A 2E 2E 2E 2E 2E 2E 2E 2E 2E   	DB	"*..........*OOO*"
       00000115 2E 2A 4F 4F 4F 2A 
   535 0000011B 2E 2E 2E 2E 2E 2E 2E 2E 2E 2E   	DB	"............*OO*"
       00000125 2E 2E 2A 4F 4F 2A 
   536 0000012B 2E 2E 2E 2E 2E 2E 2E 2E 2E 2E   	DB	".............***"
       00000135 2E 2E 2E 2A 2A 2A 
   537                                          [SECTION .text]
   538 0000040B                                 	GLOBAL	_init_mouse_cursor8
   539 0000040B                                 _init_mouse_cursor8:
   540 0000040B 55                              	PUSH	EBP
   541 0000040C 89 E5                           	MOV	EBP,ESP
   542 0000040E 57                              	PUSH	EDI
   543 0000040F 56                              	PUSH	ESI
   544 00000410 31 FF                           	XOR	EDI,EDI
   545 00000412 53                              	PUSH	EBX
   546 00000413 31 DB                           	XOR	EBX,EBX
   547 00000415 50                              	PUSH	EAX
   548 00000416 8A 45 0C                        	MOV	AL,BYTE [12+EBP]
   549 00000419 8B 75 08                        	MOV	ESI,DWORD [8+EBP]
   550 0000041C 88 45 F3                        	MOV	BYTE [-13+EBP],AL
   551 0000041F                                 L67:
   552 0000041F 31 D2                           	XOR	EDX,EDX
   553 00000421                                 L66:
   554 00000421 8D 04 3A                        	LEA	EAX,DWORD [EDX+EDI*1]
   555 00000424 80 B8 [0000003B] 2A             	CMP	BYTE [_cursor.1+EAX],42
   556 0000042B 74 35                           	JE	L72
   557 0000042D                                 L63:
   558 0000042D 80 B8 [0000003B] 4F             	CMP	BYTE [_cursor.1+EAX],79
   559 00000434 74 26                           	JE	L73
   560 00000436                                 L64:
   561 00000436 80 B8 [0000003B] 2E             	CMP	BYTE [_cursor.1+EAX],46
   562 0000043D 74 15                           	JE	L74
   563 0000043F                                 L61:
   564 0000043F 42                              	INC	EDX
   565 00000440 83 FA 0F                        	CMP	EDX,15
   566 00000443 7E DC                           	JLE	L66
   567 00000445 43                              	INC	EBX
   568 00000446 83 C7 10                        	ADD	EDI,16
   569 00000449 83 FB 0F                        	CMP	EBX,15
   570 0000044C 7E D1                           	JLE	L67
   571 0000044E 58                              	POP	EAX
   572 0000044F 5B                              	POP	EBX
   573 00000450 5E                              	POP	ESI
   574 00000451 5F                              	POP	EDI
   575 00000452 5D                              	POP	EBP
   576 00000453 C3                              	RET
   577 00000454                                 L74:
   578 00000454 8A 4D F3                        	MOV	CL,BYTE [-13+EBP]
   579 00000457 88 0C 30                        	MOV	BYTE [EAX+ESI*1],CL
   580 0000045A EB E3                           	JMP	L61
   581 0000045C                                 L73:
   582 0000045C C6 04 30 07                     	MOV	BYTE [EAX+ESI*1],7
   583 00000460 EB D4                           	JMP	L64
   584 00000462                                 L72:
   585 00000462 C6 04 30 00                     	MOV	BYTE [EAX+ESI*1],0
   586 00000466 EB C5                           	JMP	L63
   587 00000468                                 	GLOBAL	_putblock8_8
   588 00000468                                 _putblock8_8:
   589 00000468 55                              	PUSH	EBP
   590 00000469 89 E5                           	MOV	EBP,ESP
   591 0000046B 57                              	PUSH	EDI
   592 0000046C 56                              	PUSH	ESI
   593 0000046D 31 F6                           	XOR	ESI,ESI
   594 0000046F 53                              	PUSH	EBX
   595 00000470 83 EC 0C                        	SUB	ESP,12
   596 00000473 3B 75 14                        	CMP	ESI,DWORD [20+EBP]
   597 00000476 7D 3E                           	JGE	L87
   598 00000478 31 FF                           	XOR	EDI,EDI
   599 0000047A                                 L85:
   600 0000047A 31 DB                           	XOR	EBX,EBX
   601 0000047C 3B 5D 10                        	CMP	EBX,DWORD [16+EBP]
   602 0000047F 7D 2C                           	JGE	L89
   603 00000481 8B 45 20                        	MOV	EAX,DWORD [32+EBP]
   604 00000484 01 F8                           	ADD	EAX,EDI
   605 00000486 89 45 EC                        	MOV	DWORD [-20+EBP],EAX
   606 00000489                                 L84:
   607 00000489 8B 45 1C                        	MOV	EAX,DWORD [28+EBP]
   608 0000048C 8B 55 18                        	MOV	EDX,DWORD [24+EBP]
   609 0000048F 01 F0                           	ADD	EAX,ESI
   610 00000491 01 DA                           	ADD	EDX,EBX
   611 00000493 0F AF 45 0C                     	IMUL	EAX,DWORD [12+EBP]
   612 00000497 01 D0                           	ADD	EAX,EDX
   613 00000499 8B 4D 08                        	MOV	ECX,DWORD [8+EBP]
   614 0000049C 8B 55 EC                        	MOV	EDX,DWORD [-20+EBP]
   615 0000049F 43                              	INC	EBX
   616 000004A0 8A 12                           	MOV	DL,BYTE [EDX]
   617 000004A2 88 14 08                        	MOV	BYTE [EAX+ECX*1],DL
   618 000004A5 FF 45 EC                        	INC	DWORD [-20+EBP]
   619 000004A8 3B 5D 10                        	CMP	EBX,DWORD [16+EBP]
   620 000004AB 7C DC                           	JL	L84
   621 000004AD                                 L89:
   622 000004AD 46                              	INC	ESI
   623 000004AE 03 7D 24                        	ADD	EDI,DWORD [36+EBP]
   624 000004B1 3B 75 14                        	CMP	ESI,DWORD [20+EBP]
   625 000004B4 7C C4                           	JL	L85
   626 000004B6                                 L87:
   627 000004B6 83 C4 0C                        	ADD	ESP,12
   628 000004B9 5B                              	POP	EBX
   629 000004BA 5E                              	POP	ESI
   630 000004BB 5F                              	POP	EDI
   631 000004BC 5D                              	POP	EBP
   632 000004BD C3                              	RET
   633 000004BE                                 	GLOBAL	_init_gdtidt
   634 000004BE                                 _init_gdtidt:
   635 000004BE 55                              	PUSH	EBP
   636 000004BF 89 E5                           	MOV	EBP,ESP
   637 000004C1 56                              	PUSH	ESI
   638 000004C2 53                              	PUSH	EBX
   639 000004C3 BE 00270000                     	MOV	ESI,2555904
   640 000004C8 BB 00001FFF                     	MOV	EBX,8191
   641 000004CD                                 L95:
   642 000004CD 6A 00                           	PUSH	0
   643 000004CF 6A 00                           	PUSH	0
   644 000004D1 6A 00                           	PUSH	0
   645 000004D3 56                              	PUSH	ESI
   646 000004D4 83 C6 08                        	ADD	ESI,8
   647 000004D7 E8 0000007B                     	CALL	_set_segmdesc
   648 000004DC 83 C4 10                        	ADD	ESP,16
   649 000004DF 4B                              	DEC	EBX
   650 000004E0 79 EB                           	JNS	L95
   651 000004E2 68 00004092                     	PUSH	16530
   652 000004E7 BE 0026F800                     	MOV	ESI,2553856
   653 000004EC 6A 00                           	PUSH	0
   654 000004EE BB 000000FF                     	MOV	EBX,255
   655 000004F3 6A FF                           	PUSH	-1
   656 000004F5 68 00270008                     	PUSH	2555912
   657 000004FA E8 00000058                     	CALL	_set_segmdesc
   658 000004FF 68 0000409A                     	PUSH	16538
   659 00000504 68 00280000                     	PUSH	2621440
   660 00000509 68 0007FFFF                     	PUSH	524287
   661 0000050E 68 00270010                     	PUSH	2555920
   662 00000513 E8 0000003F                     	CALL	_set_segmdesc
   663 00000518 83 C4 20                        	ADD	ESP,32
   664 0000051B 68 00270000                     	PUSH	2555904
   665 00000520 68 0000FFFF                     	PUSH	65535
   666 00000525 E8 [00000000]                   	CALL	_load_gdtr
   667 0000052A 58                              	POP	EAX
   668 0000052B 5A                              	POP	EDX
   669 0000052C                                 L100:
   670 0000052C 6A 00                           	PUSH	0
   671 0000052E 6A 00                           	PUSH	0
   672 00000530 6A 00                           	PUSH	0
   673 00000532 56                              	PUSH	ESI
   674 00000533 83 C6 08                        	ADD	ESI,8
   675 00000536 E8 00000066                     	CALL	_set_gatedesc
   676 0000053B 83 C4 10                        	ADD	ESP,16
   677 0000053E 4B                              	DEC	EBX
   678 0000053F 79 EB                           	JNS	L100
   679 00000541 68 0026F800                     	PUSH	2553856
   680 00000546 68 000007FF                     	PUSH	2047
   681 0000054B E8 [00000000]                   	CALL	_load_idtr
   682 00000550 8D 65 F8                        	LEA	ESP,DWORD [-8+EBP]
   683 00000553 5B                              	POP	EBX
   684 00000554 5E                              	POP	ESI
   685 00000555 5D                              	POP	EBP
   686 00000556 C3                              	RET
   687 00000557                                 	GLOBAL	_set_segmdesc
   688 00000557                                 _set_segmdesc:
   689 00000557 55                              	PUSH	EBP
   690 00000558 89 E5                           	MOV	EBP,ESP
   691 0000055A 53                              	PUSH	EBX
   692 0000055B 8B 55 0C                        	MOV	EDX,DWORD [12+EBP]
   693 0000055E 8B 4D 10                        	MOV	ECX,DWORD [16+EBP]
   694 00000561 8B 5D 08                        	MOV	EBX,DWORD [8+EBP]
   695 00000564 8B 45 14                        	MOV	EAX,DWORD [20+EBP]
   696 00000567 81 FA 000FFFFF                  	CMP	EDX,1048575
   697 0000056D 76 08                           	JBE	L106
   698 0000056F C1 EA 0C                        	SHR	EDX,12
   699 00000572 0D 00008000                     	OR	EAX,32768
   700 00000577                                 L106:
   701 00000577 66 89 13                        	MOV	WORD [EBX],DX
   702 0000057A 88 43 05                        	MOV	BYTE [5+EBX],AL
   703 0000057D C1 EA 10                        	SHR	EDX,16
   704 00000580 C1 F8 08                        	SAR	EAX,8
   705 00000583 83 E2 0F                        	AND	EDX,15
   706 00000586 66 89 4B 02                     	MOV	WORD [2+EBX],CX
   707 0000058A 83 E0 F0                        	AND	EAX,-16
   708 0000058D C1 F9 10                        	SAR	ECX,16
   709 00000590 09 C2                           	OR	EDX,EAX
   710 00000592 88 4B 04                        	MOV	BYTE [4+EBX],CL
   711 00000595 88 53 06                        	MOV	BYTE [6+EBX],DL
   712 00000598 C1 F9 08                        	SAR	ECX,8
   713 0000059B 88 4B 07                        	MOV	BYTE [7+EBX],CL
   714 0000059E 5B                              	POP	EBX
   715 0000059F 5D                              	POP	EBP
   716 000005A0 C3                              	RET
   717 000005A1                                 	GLOBAL	_set_gatedesc
   718 000005A1                                 _set_gatedesc:
   719 000005A1 55                              	PUSH	EBP
   720 000005A2 89 E5                           	MOV	EBP,ESP
   721 000005A4 53                              	PUSH	EBX
   722 000005A5 8B 55 08                        	MOV	EDX,DWORD [8+EBP]
   723 000005A8 8B 45 10                        	MOV	EAX,DWORD [16+EBP]
   724 000005AB 8B 5D 14                        	MOV	EBX,DWORD [20+EBP]
   725 000005AE 8B 4D 0C                        	MOV	ECX,DWORD [12+EBP]
   726 000005B1 66 89 42 02                     	MOV	WORD [2+EDX],AX
   727 000005B5 88 5A 05                        	MOV	BYTE [5+EDX],BL
   728 000005B8 66 89 0A                        	MOV	WORD [EDX],CX
   729 000005BB 89 D8                           	MOV	EAX,EBX
   730 000005BD C1 F8 08                        	SAR	EAX,8
   731 000005C0 C1 F9 10                        	SAR	ECX,16
   732 000005C3 88 42 04                        	MOV	BYTE [4+EDX],AL
   733 000005C6 66 89 4A 06                     	MOV	WORD [6+EDX],CX
   734 000005CA 5B                              	POP	EBX
   735 000005CB 5D                              	POP	EBP
   736 000005CC C3                              	RET
